{
    "-profile test": {
        "content": [
            null,
            [
                "pipeline_info",
                "pipeline_info/divergence_software_versions.yml"
            ],
            [
                
            ]
        ],
        "timestamp": "2026-04-06T20:23:53.686446",
        "meta": {
            "nf-test": "0.9.5",
            "nextflow": "25.10.4"
        }
    }
}