{
    "-profile test": {
        "content": [
            null,
            [
                "pipeline_info"
            ],
            [
                
            ]
        ],
        "timestamp": "2026-03-31T20:53:40.658773",
        "meta": {
            "nf-test": "0.9.5",
            "nextflow": "25.10.4"
        }
    }
}