{
    "-profile test": {
        "content": [
            null,
            [
                "orthofinder",
                "orthofinder/orthofinder",
                "orthofinder/orthofinder/Log.txt",
                "orthofinder/orthofinder/MultipleSequenceAlignments",
                "orthofinder/orthofinder/Orthogroup_Sequences",
                "orthofinder/orthofinder/Orthogroups",
                "orthofinder/orthofinder/Orthogroups/Orthogroups.txt",
                "orthofinder/orthofinder/Orthologues",
                "orthofinder/orthofinder/WorkingDirectory",
                "orthofinder/orthofinder/WorkingDirectory/Alignments_ids",
                "orthofinder/orthofinder/WorkingDirectory/Blast0_0.txt.gz",
                "orthofinder/orthofinder/WorkingDirectory/Blast0_1.txt.gz",
                "orthofinder/orthofinder/WorkingDirectory/Blast0_2.txt.gz",
                "orthofinder/orthofinder/WorkingDirectory/Blast0_3.txt.gz",
                "orthofinder/orthofinder/WorkingDirectory/Blast0_4.txt.gz",
                "orthofinder/orthofinder/WorkingDirectory/Blast1_0.txt.gz",
                "orthofinder/orthofinder/WorkingDirectory/Blast1_1.txt.gz",
                "orthofinder/orthofinder/WorkingDirectory/Blast1_2.txt.gz",
                "orthofinder/orthofinder/WorkingDirectory/Blast1_3.txt.gz",
                "orthofinder/orthofinder/WorkingDirectory/Blast1_4.txt.gz",
                "orthofinder/orthofinder/WorkingDirectory/Blast2_0.txt.gz",
                "orthofinder/orthofinder/WorkingDirectory/Blast2_1.txt.gz",
                "orthofinder/orthofinder/WorkingDirectory/Blast2_2.txt.gz",
                "orthofinder/orthofinder/WorkingDirectory/Blast2_3.txt.gz",
                "orthofinder/orthofinder/WorkingDirectory/Blast2_4.txt.gz",
                "orthofinder/orthofinder/WorkingDirectory/Blast3_0.txt.gz",
                "orthofinder/orthofinder/WorkingDirectory/Blast3_1.txt.gz",
                "orthofinder/orthofinder/WorkingDirectory/Blast3_2.txt.gz",
                "orthofinder/orthofinder/WorkingDirectory/Blast3_3.txt.gz",
                "orthofinder/orthofinder/WorkingDirectory/Blast3_4.txt.gz",
                "orthofinder/orthofinder/WorkingDirectory/Blast4_0.txt.gz",
                "orthofinder/orthofinder/WorkingDirectory/Blast4_1.txt.gz",
                "orthofinder/orthofinder/WorkingDirectory/Blast4_2.txt.gz",
                "orthofinder/orthofinder/WorkingDirectory/Blast4_3.txt.gz",
                "orthofinder/orthofinder/WorkingDirectory/Blast4_4.txt.gz",
                "orthofinder/orthofinder/WorkingDirectory/Gene_Trees",
                "orthofinder/orthofinder/WorkingDirectory/Legacy",
                "orthofinder/orthofinder/WorkingDirectory/Legacy/Orthogroups_id.txt",
                "orthofinder/orthofinder/WorkingDirectory/OrthoFinder_graph.txt",
                "orthofinder/orthofinder/WorkingDirectory/SequenceIDs.txt",
                "orthofinder/orthofinder/WorkingDirectory/Sequences_ids",
                "orthofinder/orthofinder/WorkingDirectory/Sequences_ids/OG0000000.fa",
                "orthofinder/orthofinder/WorkingDirectory/Sequences_ids/OG0000001.fa",
                "orthofinder/orthofinder/WorkingDirectory/Sequences_ids/OG0000002.fa",
                "orthofinder/orthofinder/WorkingDirectory/Sequences_ids/OG0000003.fa",
                "orthofinder/orthofinder/WorkingDirectory/Sequences_ids/OG0000004.fa",
                "orthofinder/orthofinder/WorkingDirectory/Sequences_ids/OG0000005.fa",
                "orthofinder/orthofinder/WorkingDirectory/Sequences_ids/OG0000006.fa",
                "orthofinder/orthofinder/WorkingDirectory/Sequences_ids/OG0000007.fa",
                "orthofinder/orthofinder/WorkingDirectory/Sequences_ids/OG0000008.fa",
                "orthofinder/orthofinder/WorkingDirectory/Sequences_ids/OG0000009.fa",
                "orthofinder/orthofinder/WorkingDirectory/Sequences_ids/OG0000010.fa",
                "orthofinder/orthofinder/WorkingDirectory/Sequences_ids/OG0000011.fa",
                "orthofinder/orthofinder/WorkingDirectory/Sequences_ids/OG0000012.fa",
                "orthofinder/orthofinder/WorkingDirectory/Species0.fa",
                "orthofinder/orthofinder/WorkingDirectory/Species1.fa",
                "orthofinder/orthofinder/WorkingDirectory/Species2.fa",
                "orthofinder/orthofinder/WorkingDirectory/Species3.fa",
                "orthofinder/orthofinder/WorkingDirectory/Species4.fa",
                "orthofinder/orthofinder/WorkingDirectory/SpeciesIDs.txt",
                "orthofinder/orthofinder/WorkingDirectory/Trees_ids",
                "orthofinder/orthofinder/WorkingDirectory/clusters_OrthoFinder_I1.2.txt",
                "orthofinder/orthofinder/WorkingDirectory/clusters_OrthoFinder_I1.2.txt_id_pairs.txt",
                "orthofinder/orthofinder/WorkingDirectory/dependencies",
                "orthofinder/orthofinder/WorkingDirectory/dependencies/SimpleTest.fa",
                "orthofinder/orthofinder/WorkingDirectory/dependencies/Species0.fa",
                "orthofinder/orthofinder/WorkingDirectory/dependencies/Species0.fa.output.txt",
                "orthofinder/orthofinder/WorkingDirectory/dependencies/diamondDBSpecies0.dmnd",
                "orthofinder/orthofinder/WorkingDirectory/dependencies/test_search_results.txt.gz",
                "orthofinder/orthofinder/WorkingDirectory/diamondDBSpecies0.dmnd",
                "orthofinder/orthofinder/WorkingDirectory/diamondDBSpecies1.dmnd",
                "orthofinder/orthofinder/WorkingDirectory/diamondDBSpecies2.dmnd",
                "orthofinder/orthofinder/WorkingDirectory/diamondDBSpecies3.dmnd",
                "orthofinder/orthofinder/WorkingDirectory/diamondDBSpecies4.dmnd",
                "orthofinder/orthofinder/WorkingDirectory/pickle",
                "pipeline_info",
                "pipeline_info/divergence_software_versions.yml"
            ],
            [
                "Log.txt:md5,683157e7ecf7c3b73466806eb8176789",
                "Orthogroups.txt:md5,7886368f41db0250ac82a20bca37824f",
                "Blast0_0.txt.gz:md5,55dd9c2e38cb5c1593e52f28785c1690",
                "Blast0_1.txt.gz:md5,29f52010606400c33ee8d260de11ace0",
                "Blast0_2.txt.gz:md5,81a60fce3fe7a2a7878c20fc88ec84d4",
                "Blast0_3.txt.gz:md5,407f1e394cb7699e5142996a6bf414aa",
                "Blast0_4.txt.gz:md5,e77094c4317a69cd457a4354161e11d1",
                "Blast1_0.txt.gz:md5,f64f3926e09e6d716676b331f99b5f1d",
                "Blast1_1.txt.gz:md5,7cd5dbed1da45604a58309176d0b900c",
                "Blast1_2.txt.gz:md5,473d77951f4842e4be47cdb72cc7d69e",
                "Blast1_3.txt.gz:md5,a6b5ec7e6b1d8a7499190756c99886ed",
                "Blast1_4.txt.gz:md5,5a661d03aa1ba36f7df2257c681451c8",
                "Blast2_0.txt.gz:md5,bb6b865e76c318e3dd996be07947728c",
                "Blast2_1.txt.gz:md5,1409bd0465c6ae14c64005e6609b941b",
                "Blast2_2.txt.gz:md5,f190091349c74fcb153103b236f4b68d",
                "Blast2_3.txt.gz:md5,a60907dde62e0e63743f7670ada9ba07",
                "Blast2_4.txt.gz:md5,e37bd3b091c5b320fe221565ada30aba",
                "Blast3_0.txt.gz:md5,fb760d8fc4aef489ed425cd76fea99e6",
                "Blast3_1.txt.gz:md5,7e94d9c902b2bcc233866088427242ee",
                "Blast3_2.txt.gz:md5,b72950b857a931a9f504a83dda9ec3d3",
                "Blast3_3.txt.gz:md5,5f9cd9d894b6a2daa47c729802e4ffdc",
                "Blast3_4.txt.gz:md5,814c6b8b8e084b2ddbbce4d58f488830",
                "Blast4_0.txt.gz:md5,4ef0b2b38ad884b8a6ceb200820583d0",
                "Blast4_1.txt.gz:md5,b77db3a1fea273e34948b3759c4a76ce",
                "Blast4_2.txt.gz:md5,74084a835244366093f4c6a9caef6ef2",
                "Blast4_3.txt.gz:md5,41ae1eb45ee6fc584a7413ec6f7e071b",
                "Blast4_4.txt.gz:md5,f7a74a6851d9f44b0eed19ad63399645",
                "Orthogroups_id.txt:md5,3ed942ee1043affb0930f066b9370c39",
                "OrthoFinder_graph.txt:md5,de803ddcbec3ef1fc278401c8c48e1e4",
                "SequenceIDs.txt:md5,9b0f8ead7c75704b417e45c3ef5c7d00",
                "OG0000000.fa:md5,e00d4259347f15957c744850ff9444c1",
                "OG0000001.fa:md5,c7c17c738d046225abe691abce4521fc",
                "OG0000002.fa:md5,89446a8fbd4466fc3a342126a8b52d49",
                "OG0000003.fa:md5,f1b5eb3175dcbbd5140872a46d68a4df",
                "OG0000004.fa:md5,c2a12ab158437d6698335cd20adb5fbe",
                "OG0000005.fa:md5,a8133f758b13a9f648aa0b2e3e7862a6",
                "OG0000006.fa:md5,077dd245a2c433cfd4b30ddf63be93af",
                "OG0000007.fa:md5,61120a10037c3819b77954e4d830daee",
                "OG0000008.fa:md5,7f2d2c928b71f53c5dcd796eaed9202b",
                "OG0000009.fa:md5,88fac1563bb54e092042d0053e769933",
                "OG0000010.fa:md5,69fe0750225d3fb68f486d0abd093571",
                "OG0000011.fa:md5,434433e41166490c8fc4b45555a134ef",
                "OG0000012.fa:md5,8c90344b301b711682c951fca19cfc18",
                "Species0.fa:md5,4863c8ae05509470906e53d2d49f4882",
                "Species1.fa:md5,10b02d34b76978c6aa76a62c344d4953",
                "Species2.fa:md5,9fc35c628b1f5b6ca55750c94ab04148",
                "Species3.fa:md5,6b3864256db4506544b95550b1d16144",
                "Species4.fa:md5,91ca26e656262e26319116a3622a88ae",
                "SpeciesIDs.txt:md5,845d3b37231babe6f3ec5316d6db58e3",
                "clusters_OrthoFinder_I1.2.txt:md5,410bf1f0dacfa48272f03379caad5456",
                "clusters_OrthoFinder_I1.2.txt_id_pairs.txt:md5,73af3375e13c82f2541c83828af25ff6",
                "SimpleTest.fa:md5,98f1bf66064c563ce0711fd2992bf67c",
                "Species0.fa:md5,4a3237f756de1b0385bdd99f2c35ac82",
                "Species0.fa.output.txt:md5,827c40853ffc661092d1a62d000b6d0f",
                "diamondDBSpecies0.dmnd:md5,dd1aee02a0d08aee8f3f6e31cfbba8c3",
                "test_search_results.txt.gz:md5,abf8c129b689eaffcc1a7ffa087d9672",
                "diamondDBSpecies0.dmnd:md5,0240f2cc9d9e57559d1083e8b4773924",
                "diamondDBSpecies1.dmnd:md5,1107afd1f44fac10269151e6bbc49879",
                "diamondDBSpecies2.dmnd:md5,92982034ee7998f7e3215c780427dc6f",
                "diamondDBSpecies3.dmnd:md5,e084e1928f9094ad1063638badd293b1",
                "diamondDBSpecies4.dmnd:md5,6503e3fef1b28236a7874c15107aaada"
            ]
        ],
        "timestamp": "2026-03-31T10:57:08.096327",
        "meta": {
            "nf-test": "0.9.5",
            "nextflow": "25.10.4"
        }
    }
}